============================= test session starts =============================
platform win32 -- Python 3.13.9, pytest-9.0.1, pluggy-1.6.0 -- C:\Users\Fletc\AppData\Local\Microsoft\WindowsApps\PythonSoftwareFoundation.Python.3.13_qbz5n2kfra8p0\python.exe
cachedir: .pytest_cache
rootdir: D:\github\SimpleSVM
configfile: setup.cfg
testpaths: tests
plugins: cov-7.0.0
collecting ... collected 2 items / 1 error

=================================== ERRORS ====================================
___________________ ERROR collecting tests/test_svm_demo.py ___________________
ImportError while importing test module 'D:\github\SimpleSVM\tests\test_svm_demo.py'.
Hint: make sure your test modules/packages have valid Python names.
Traceback:
C:\Program Files\WindowsApps\PythonSoftwareFoundation.Python.3.13_3.13.2544.0_x64__qbz5n2kfra8p0\Lib\importlib\__init__.py:88: in import_module
    return _bootstrap._gcd_import(name[level:], package, level)
           ^^^^^^^^^^^^^^^^^^^^^^^^^^^^^^^^^^^^^^^^^^^^^^^^^^^^
D:\DUsers\python\svm_project\tests\test_svm_demo.py:1: in <module>
    from svm import *
E   ModuleNotFoundError: No module named 'svm'
=========================== short test summary info ===========================
ERROR tests/test_svm_demo.py
!!!!!!!!!!!!!!!!!!! Interrupted: 1 error during collection !!!!!!!!!!!!!!!!!!!!
============================== 1 error in 0.35s ===============================
